Archive member included because of file (symbol)

D:\prog\arduino\ArduinoCore\Release\libArduinoCore.a(main.o)
                              c:/arduino/arduino-1.0.5/hardware/tools/avr/bin/../lib/gcc/avr/4.3.2/../../../../avr/lib/avr5/crtm328p.o (main)
D:\prog\arduino\ArduinoCore\Release\libArduinoCore.a(wiring.o)
                              ./src/main.o (delay)
D:\prog\arduino\ArduinoCore\Release\libArduinoCore.a(wiring_digital.o)
                              ./src/main.o (pinMode)
c:/arduino/arduino-1.0.5/hardware/tools/avr/bin/../lib/gcc/avr/4.3.2/avr5\libgcc.a(_exit.o)
                              c:/arduino/arduino-1.0.5/hardware/tools/avr/bin/../lib/gcc/avr/4.3.2/../../../../avr/lib/avr5/crtm328p.o (exit)
c:/arduino/arduino-1.0.5/hardware/tools/avr/bin/../lib/gcc/avr/4.3.2/avr5\libgcc.a(_copy_data.o)
                              ./src/main.o (__do_copy_data)
c:/arduino/arduino-1.0.5/hardware/tools/avr/bin/../lib/gcc/avr/4.3.2/avr5\libgcc.a(_clear_bss.o)
                              ./src/main.o (__do_clear_bss)

Memory Configuration

Name             Origin             Length             Attributes
text             0x00000000         0x00020000         xr
data             0x00800060         0x0000ffa0         rw !x
eeprom           0x00810000         0x00010000         rw !x
fuse             0x00820000         0x00000400         rw !x
lock             0x00830000         0x00000400         rw !x
signature        0x00840000         0x00000400         rw !x
*default*        0x00000000         0xffffffff

Linker script and memory map

Address of section .data set to 0x800100
LOAD c:/arduino/arduino-1.0.5/hardware/tools/avr/bin/../lib/gcc/avr/4.3.2/../../../../avr/lib/avr5/crtm328p.o
LOAD ./src/main.o
LOAD D:\prog\arduino\ArduinoCore\Release\libArduinoCore.a
LOAD c:/arduino/arduino-1.0.5/hardware/tools/avr/bin/../lib/gcc/avr/4.3.2/avr5\libgcc.a
LOAD c:/arduino/arduino-1.0.5/hardware/tools/avr/bin/../lib/gcc/avr/4.3.2/../../../../avr/lib/avr5\libm.a
LOAD c:/arduino/arduino-1.0.5/hardware/tools/avr/bin/../lib/gcc/avr/4.3.2/avr5\libgcc.a
LOAD c:/arduino/arduino-1.0.5/hardware/tools/avr/bin/../lib/gcc/avr/4.3.2/../../../../avr/lib/avr5\libc.a
LOAD c:/arduino/arduino-1.0.5/hardware/tools/avr/bin/../lib/gcc/avr/4.3.2/avr5\libgcc.a

.hash
 *(.hash)

.dynsym
 *(.dynsym)

.dynstr
 *(.dynstr)

.gnu.version
 *(.gnu.version)

.gnu.version_d
 *(.gnu.version_d)

.gnu.version_r
 *(.gnu.version_r)

.rel.init
 *(.rel.init)

.rela.init
 *(.rela.init)

.rel.text
 *(.rel.text)
 *(.rel.text.*)
 *(.rel.gnu.linkonce.t*)

.rela.text
 *(.rela.text)
 *(.rela.text.*)
 *(.rela.gnu.linkonce.t*)

.rel.fini
 *(.rel.fini)

.rela.fini
 *(.rela.fini)

.rel.rodata
 *(.rel.rodata)
 *(.rel.rodata.*)
 *(.rel.gnu.linkonce.r*)

.rela.rodata
 *(.rela.rodata)
 *(.rela.rodata.*)
 *(.rela.gnu.linkonce.r*)

.rel.data
 *(.rel.data)
 *(.rel.data.*)
 *(.rel.gnu.linkonce.d*)

.rela.data
 *(.rela.data)
 *(.rela.data.*)
 *(.rela.gnu.linkonce.d*)

.rel.ctors
 *(.rel.ctors)

.rela.ctors
 *(.rela.ctors)

.rel.dtors
 *(.rel.dtors)

.rela.dtors
 *(.rela.dtors)

.rel.got
 *(.rel.got)

.rela.got
 *(.rela.got)

.rel.bss
 *(.rel.bss)

.rela.bss
 *(.rela.bss)

.rel.plt
 *(.rel.plt)

.rela.plt
 *(.rela.plt)

.text           0x00000000      0x56e
 *(.vectors)
 .vectors       0x00000000       0x68 c:/arduino/arduino-1.0.5/hardware/tools/avr/bin/../lib/gcc/avr/4.3.2/../../../../avr/lib/avr5/crtm328p.o
                0x00000000                __vectors
                0x00000000                __vector_default
 *(.vectors)
 *(.progmem.gcc*)
 *(.progmem*)
 .progmem.data  0x00000068       0x5a D:\prog\arduino\ArduinoCore\Release\libArduinoCore.a(wiring_digital.o)
                0x00000068                port_to_mode_PGM
                0x00000086                digital_pin_to_port_PGM
                0x0000009a                digital_pin_to_bit_mask_PGM
                0x00000072                port_to_output_PGM
                0x0000007c                port_to_input_PGM
                0x000000ae                digital_pin_to_timer_PGM
                0x000000c2                . = ALIGN (0x2)
                0x000000c2                __trampolines_start = .
 *(.trampolines)
 .trampolines   0x000000c2        0x0 linker stubs
 *(.trampolines*)
                0x000000c2                __trampolines_end = .
 *(.jumptables)
 *(.jumptables*)
 *(.lowtext)
 *(.lowtext*)
                0x000000c2                __ctors_start = .
 *(.ctors)
                0x000000c2                __ctors_end = .
                0x000000c2                __dtors_start = .
 *(.dtors)
                0x000000c2                __dtors_end = .
 SORT(*)(.ctors)
 SORT(*)(.dtors)
 *(.init0)
 .init0         0x000000c2        0x0 c:/arduino/arduino-1.0.5/hardware/tools/avr/bin/../lib/gcc/avr/4.3.2/../../../../avr/lib/avr5/crtm328p.o
                0x000000c2                __init
 *(.init0)
 *(.init1)
 *(.init1)
 *(.init2)
 .init2         0x000000c2        0xc c:/arduino/arduino-1.0.5/hardware/tools/avr/bin/../lib/gcc/avr/4.3.2/../../../../avr/lib/avr5/crtm328p.o
 *(.init2)
 *(.init3)
 *(.init3)
 *(.init4)
 .init4         0x000000ce       0x16 c:/arduino/arduino-1.0.5/hardware/tools/avr/bin/../lib/gcc/avr/4.3.2/avr5\libgcc.a(_copy_data.o)
                0x000000ce                __do_copy_data
 .init4         0x000000e4       0x10 c:/arduino/arduino-1.0.5/hardware/tools/avr/bin/../lib/gcc/avr/4.3.2/avr5\libgcc.a(_clear_bss.o)
                0x000000e4                __do_clear_bss
 *(.init4)
 *(.init5)
 *(.init5)
 *(.init6)
 *(.init6)
 *(.init7)
 *(.init7)
 *(.init8)
 *(.init8)
 *(.init9)
 .init9         0x000000f4        0x8 c:/arduino/arduino-1.0.5/hardware/tools/avr/bin/../lib/gcc/avr/4.3.2/../../../../avr/lib/avr5/crtm328p.o
 *(.init9)
 *(.text)
 .text          0x000000fc        0x4 c:/arduino/arduino-1.0.5/hardware/tools/avr/bin/../lib/gcc/avr/4.3.2/../../../../avr/lib/avr5/crtm328p.o
                0x000000fc                __vector_22
                0x000000fc                __vector_1
                0x000000fc                __vector_24
                0x000000fc                __vector_12
                0x000000fc                __bad_interrupt
                0x000000fc                __vector_6
                0x000000fc                __vector_3
                0x000000fc                __vector_23
                0x000000fc                __vector_25
                0x000000fc                __vector_11
                0x000000fc                __vector_13
                0x000000fc                __vector_17
                0x000000fc                __vector_19
                0x000000fc                __vector_7
                0x000000fc                __vector_5
                0x000000fc                __vector_4
                0x000000fc                __vector_9
                0x000000fc                __vector_2
                0x000000fc                __vector_21
                0x000000fc                __vector_15
                0x000000fc                __vector_8
                0x000000fc                __vector_14
                0x000000fc                __vector_10
                0x000000fc                __vector_18
                0x000000fc                __vector_20
 .text          0x00000100       0x4c ./src/main.o
                0x00000100                loop
                0x00000136                setup
 .text          0x0000014c       0x1e D:\prog\arduino\ArduinoCore\Release\libArduinoCore.a(main.o)
                0x0000014c                main
 .text          0x0000016a      0x234 D:\prog\arduino\ArduinoCore\Release\libArduinoCore.a(wiring.o)
                0x00000328                init
                0x00000216                micros
                0x00000262                delay
                0x0000016a                __vector_16
                0x000001fa                millis
                0x00000314                delayMicroseconds
 .text          0x0000039e      0x1cc D:\prog\arduino\ArduinoCore\Release\libArduinoCore.a(wiring_digital.o)
                0x000004c4                digitalRead
                0x0000041c                digitalWrite
                0x0000039e                pinMode
 .text          0x0000056a        0x0 c:/arduino/arduino-1.0.5/hardware/tools/avr/bin/../lib/gcc/avr/4.3.2/avr5\libgcc.a(_exit.o)
 .text          0x0000056a        0x0 c:/arduino/arduino-1.0.5/hardware/tools/avr/bin/../lib/gcc/avr/4.3.2/avr5\libgcc.a(_copy_data.o)
 .text          0x0000056a        0x0 c:/arduino/arduino-1.0.5/hardware/tools/avr/bin/../lib/gcc/avr/4.3.2/avr5\libgcc.a(_clear_bss.o)
                0x0000056a                . = ALIGN (0x2)
 *(.text.*)
 .text.libgcc   0x0000056a        0x0 c:/arduino/arduino-1.0.5/hardware/tools/avr/bin/../lib/gcc/avr/4.3.2/avr5\libgcc.a(_exit.o)
 .text.libgcc   0x0000056a        0x0 c:/arduino/arduino-1.0.5/hardware/tools/avr/bin/../lib/gcc/avr/4.3.2/avr5\libgcc.a(_copy_data.o)
 .text.libgcc   0x0000056a        0x0 c:/arduino/arduino-1.0.5/hardware/tools/avr/bin/../lib/gcc/avr/4.3.2/avr5\libgcc.a(_clear_bss.o)
                0x0000056a                . = ALIGN (0x2)
 *(.fini9)
 .fini9         0x0000056a        0x0 c:/arduino/arduino-1.0.5/hardware/tools/avr/bin/../lib/gcc/avr/4.3.2/avr5\libgcc.a(_exit.o)
                0x0000056a                exit
                0x0000056a                _exit
 *(.fini9)
 *(.fini8)
 *(.fini8)
 *(.fini7)
 *(.fini7)
 *(.fini6)
 *(.fini6)
 *(.fini5)
 *(.fini5)
 *(.fini4)
 *(.fini4)
 *(.fini3)
 *(.fini3)
 *(.fini2)
 *(.fini2)
 *(.fini1)
 *(.fini1)
 *(.fini0)
 .fini0         0x0000056a        0x4 c:/arduino/arduino-1.0.5/hardware/tools/avr/bin/../lib/gcc/avr/4.3.2/avr5\libgcc.a(_exit.o)
 *(.fini0)
                0x0000056e                _etext = .

.data           0x00800100        0x0 load address 0x0000056e
                0x00800100                PROVIDE (__data_start, .)
 *(.data)
 .data          0x00800100        0x0 c:/arduino/arduino-1.0.5/hardware/tools/avr/bin/../lib/gcc/avr/4.3.2/../../../../avr/lib/avr5/crtm328p.o
 .data          0x00800100        0x0 ./src/main.o
 .data          0x00800100        0x0 D:\prog\arduino\ArduinoCore\Release\libArduinoCore.a(main.o)
 .data          0x00800100        0x0 D:\prog\arduino\ArduinoCore\Release\libArduinoCore.a(wiring.o)
 .data          0x00800100        0x0 D:\prog\arduino\ArduinoCore\Release\libArduinoCore.a(wiring_digital.o)
 .data          0x00800100        0x0 c:/arduino/arduino-1.0.5/hardware/tools/avr/bin/../lib/gcc/avr/4.3.2/avr5\libgcc.a(_exit.o)
 .data          0x00800100        0x0 c:/arduino/arduino-1.0.5/hardware/tools/avr/bin/../lib/gcc/avr/4.3.2/avr5\libgcc.a(_copy_data.o)
 .data          0x00800100        0x0 c:/arduino/arduino-1.0.5/hardware/tools/avr/bin/../lib/gcc/avr/4.3.2/avr5\libgcc.a(_clear_bss.o)
 *(.data*)
 *(.rodata)
 *(.rodata*)
 *(.gnu.linkonce.d*)
                0x00800100                . = ALIGN (0x2)
                0x00800100                _edata = .
                0x00800100                PROVIDE (__data_end, .)

.bss            0x00800100        0x9
                0x00800100                PROVIDE (__bss_start, .)
 *(.bss)
 .bss           0x00800100        0x0 c:/arduino/arduino-1.0.5/hardware/tools/avr/bin/../lib/gcc/avr/4.3.2/../../../../avr/lib/avr5/crtm328p.o
 .bss           0x00800100        0x0 ./src/main.o
 .bss           0x00800100        0x0 D:\prog\arduino\ArduinoCore\Release\libArduinoCore.a(main.o)
 .bss           0x00800100        0x9 D:\prog\arduino\ArduinoCore\Release\libArduinoCore.a(wiring.o)
                0x00800100                timer0_overflow_count
                0x00800104                timer0_millis
 .bss           0x00800109        0x0 D:\prog\arduino\ArduinoCore\Release\libArduinoCore.a(wiring_digital.o)
 .bss           0x00800109        0x0 c:/arduino/arduino-1.0.5/hardware/tools/avr/bin/../lib/gcc/avr/4.3.2/avr5\libgcc.a(_exit.o)
 .bss           0x00800109        0x0 c:/arduino/arduino-1.0.5/hardware/tools/avr/bin/../lib/gcc/avr/4.3.2/avr5\libgcc.a(_copy_data.o)
 .bss           0x00800109        0x0 c:/arduino/arduino-1.0.5/hardware/tools/avr/bin/../lib/gcc/avr/4.3.2/avr5\libgcc.a(_clear_bss.o)
 *(.bss*)
 *(COMMON)
                0x00800109                PROVIDE (__bss_end, .)
                0x0000056e                __data_load_start = LOADADDR (.data)
                0x0000056e                __data_load_end = (__data_load_start + SIZEOF (.data))

.noinit         0x00800109        0x0
                0x00800109                PROVIDE (__noinit_start, .)
 *(.noinit*)
                0x00800109                PROVIDE (__noinit_end, .)
                0x00800109                _end = .
                0x00800109                PROVIDE (__heap_start, .)

.eeprom         0x00810000        0x0
 *(.eeprom*)
                0x00810000                __eeprom_end = .

.fuse
 *(.fuse)
 *(.lfuse)
 *(.hfuse)
 *(.efuse)

.lock
 *(.lock*)

.signature
 *(.signature*)

.stab           0x00000000      0x5c4
 *(.stab)
 .stab          0x00000000      0x5c4 ./src/main.o

.stabstr        0x00000000      0xc61
 *(.stabstr)
 .stabstr       0x00000000      0xc61 ./src/main.o

.stab.excl
 *(.stab.excl)

.stab.exclstr
 *(.stab.exclstr)

.stab.index
 *(.stab.index)

.stab.indexstr
 *(.stab.indexstr)

.comment
 *(.comment)

.debug
 *(.debug)

.line
 *(.line)

.debug_srcinfo
 *(.debug_srcinfo)

.debug_sfnames
 *(.debug_sfnames)

.debug_aranges
 *(.debug_aranges)

.debug_pubnames
 *(.debug_pubnames)

.debug_info
 *(.debug_info)
 *(.gnu.linkonce.wi.*)

.debug_abbrev
 *(.debug_abbrev)

.debug_line
 *(.debug_line)

.debug_frame
 *(.debug_frame)

.debug_str
 *(.debug_str)

.debug_loc
 *(.debug_loc)

.debug_macinfo
 *(.debug_macinfo)
OUTPUT(IPv6.elf elf32-avr)
LOAD linker stubs

Cross Reference Table

Symbol                                            File
__bad_interrupt                                   c:/arduino/arduino-1.0.5/hardware/tools/avr/bin/../lib/gcc/avr/4.3.2/../../../../avr/lib/avr5/crtm328p.o
__bss_end                                         c:/arduino/arduino-1.0.5/hardware/tools/avr/bin/../lib/gcc/avr/4.3.2/avr5\libgcc.a(_clear_bss.o)
__bss_start                                       c:/arduino/arduino-1.0.5/hardware/tools/avr/bin/../lib/gcc/avr/4.3.2/avr5\libgcc.a(_clear_bss.o)
__data_end                                        c:/arduino/arduino-1.0.5/hardware/tools/avr/bin/../lib/gcc/avr/4.3.2/avr5\libgcc.a(_copy_data.o)
__data_load_start                                 c:/arduino/arduino-1.0.5/hardware/tools/avr/bin/../lib/gcc/avr/4.3.2/avr5\libgcc.a(_copy_data.o)
__data_start                                      c:/arduino/arduino-1.0.5/hardware/tools/avr/bin/../lib/gcc/avr/4.3.2/avr5\libgcc.a(_copy_data.o)
__do_clear_bss                                    c:/arduino/arduino-1.0.5/hardware/tools/avr/bin/../lib/gcc/avr/4.3.2/avr5\libgcc.a(_clear_bss.o)
                                                  D:\prog\arduino\ArduinoCore\Release\libArduinoCore.a(wiring_digital.o)
                                                  D:\prog\arduino\ArduinoCore\Release\libArduinoCore.a(wiring.o)
                                                  D:\prog\arduino\ArduinoCore\Release\libArduinoCore.a(main.o)
                                                  ./src/main.o
__do_copy_data                                    c:/arduino/arduino-1.0.5/hardware/tools/avr/bin/../lib/gcc/avr/4.3.2/avr5\libgcc.a(_copy_data.o)
                                                  D:\prog\arduino\ArduinoCore\Release\libArduinoCore.a(wiring_digital.o)
                                                  D:\prog\arduino\ArduinoCore\Release\libArduinoCore.a(wiring.o)
                                                  D:\prog\arduino\ArduinoCore\Release\libArduinoCore.a(main.o)
                                                  ./src/main.o
__heap_end                                        c:/arduino/arduino-1.0.5/hardware/tools/avr/bin/../lib/gcc/avr/4.3.2/../../../../avr/lib/avr5/crtm328p.o
__init                                            c:/arduino/arduino-1.0.5/hardware/tools/avr/bin/../lib/gcc/avr/4.3.2/../../../../avr/lib/avr5/crtm328p.o
__stack                                           c:/arduino/arduino-1.0.5/hardware/tools/avr/bin/../lib/gcc/avr/4.3.2/../../../../avr/lib/avr5/crtm328p.o
__vector_1                                        c:/arduino/arduino-1.0.5/hardware/tools/avr/bin/../lib/gcc/avr/4.3.2/../../../../avr/lib/avr5/crtm328p.o
__vector_10                                       c:/arduino/arduino-1.0.5/hardware/tools/avr/bin/../lib/gcc/avr/4.3.2/../../../../avr/lib/avr5/crtm328p.o
__vector_11                                       c:/arduino/arduino-1.0.5/hardware/tools/avr/bin/../lib/gcc/avr/4.3.2/../../../../avr/lib/avr5/crtm328p.o
__vector_12                                       c:/arduino/arduino-1.0.5/hardware/tools/avr/bin/../lib/gcc/avr/4.3.2/../../../../avr/lib/avr5/crtm328p.o
__vector_13                                       c:/arduino/arduino-1.0.5/hardware/tools/avr/bin/../lib/gcc/avr/4.3.2/../../../../avr/lib/avr5/crtm328p.o
__vector_14                                       c:/arduino/arduino-1.0.5/hardware/tools/avr/bin/../lib/gcc/avr/4.3.2/../../../../avr/lib/avr5/crtm328p.o
__vector_15                                       c:/arduino/arduino-1.0.5/hardware/tools/avr/bin/../lib/gcc/avr/4.3.2/../../../../avr/lib/avr5/crtm328p.o
__vector_16                                       D:\prog\arduino\ArduinoCore\Release\libArduinoCore.a(wiring.o)
                                                  c:/arduino/arduino-1.0.5/hardware/tools/avr/bin/../lib/gcc/avr/4.3.2/../../../../avr/lib/avr5/crtm328p.o
__vector_17                                       c:/arduino/arduino-1.0.5/hardware/tools/avr/bin/../lib/gcc/avr/4.3.2/../../../../avr/lib/avr5/crtm328p.o
__vector_18                                       c:/arduino/arduino-1.0.5/hardware/tools/avr/bin/../lib/gcc/avr/4.3.2/../../../../avr/lib/avr5/crtm328p.o
__vector_19                                       c:/arduino/arduino-1.0.5/hardware/tools/avr/bin/../lib/gcc/avr/4.3.2/../../../../avr/lib/avr5/crtm328p.o
__vector_2                                        c:/arduino/arduino-1.0.5/hardware/tools/avr/bin/../lib/gcc/avr/4.3.2/../../../../avr/lib/avr5/crtm328p.o
__vector_20                                       c:/arduino/arduino-1.0.5/hardware/tools/avr/bin/../lib/gcc/avr/4.3.2/../../../../avr/lib/avr5/crtm328p.o
__vector_21                                       c:/arduino/arduino-1.0.5/hardware/tools/avr/bin/../lib/gcc/avr/4.3.2/../../../../avr/lib/avr5/crtm328p.o
__vector_22                                       c:/arduino/arduino-1.0.5/hardware/tools/avr/bin/../lib/gcc/avr/4.3.2/../../../../avr/lib/avr5/crtm328p.o
__vector_23                                       c:/arduino/arduino-1.0.5/hardware/tools/avr/bin/../lib/gcc/avr/4.3.2/../../../../avr/lib/avr5/crtm328p.o
__vector_24                                       c:/arduino/arduino-1.0.5/hardware/tools/avr/bin/../lib/gcc/avr/4.3.2/../../../../avr/lib/avr5/crtm328p.o
__vector_25                                       c:/arduino/arduino-1.0.5/hardware/tools/avr/bin/../lib/gcc/avr/4.3.2/../../../../avr/lib/avr5/crtm328p.o
__vector_3                                        c:/arduino/arduino-1.0.5/hardware/tools/avr/bin/../lib/gcc/avr/4.3.2/../../../../avr/lib/avr5/crtm328p.o
__vector_4                                        c:/arduino/arduino-1.0.5/hardware/tools/avr/bin/../lib/gcc/avr/4.3.2/../../../../avr/lib/avr5/crtm328p.o
__vector_5                                        c:/arduino/arduino-1.0.5/hardware/tools/avr/bin/../lib/gcc/avr/4.3.2/../../../../avr/lib/avr5/crtm328p.o
__vector_6                                        c:/arduino/arduino-1.0.5/hardware/tools/avr/bin/../lib/gcc/avr/4.3.2/../../../../avr/lib/avr5/crtm328p.o
__vector_7                                        c:/arduino/arduino-1.0.5/hardware/tools/avr/bin/../lib/gcc/avr/4.3.2/../../../../avr/lib/avr5/crtm328p.o
__vector_8                                        c:/arduino/arduino-1.0.5/hardware/tools/avr/bin/../lib/gcc/avr/4.3.2/../../../../avr/lib/avr5/crtm328p.o
__vector_9                                        c:/arduino/arduino-1.0.5/hardware/tools/avr/bin/../lib/gcc/avr/4.3.2/../../../../avr/lib/avr5/crtm328p.o
__vector_default                                  c:/arduino/arduino-1.0.5/hardware/tools/avr/bin/../lib/gcc/avr/4.3.2/../../../../avr/lib/avr5/crtm328p.o
__vectors                                         c:/arduino/arduino-1.0.5/hardware/tools/avr/bin/../lib/gcc/avr/4.3.2/../../../../avr/lib/avr5/crtm328p.o
_exit                                             c:/arduino/arduino-1.0.5/hardware/tools/avr/bin/../lib/gcc/avr/4.3.2/avr5\libgcc.a(_exit.o)
delay                                             D:\prog\arduino\ArduinoCore\Release\libArduinoCore.a(wiring.o)
                                                  ./src/main.o
delayMicroseconds                                 D:\prog\arduino\ArduinoCore\Release\libArduinoCore.a(wiring.o)
digitalRead                                       D:\prog\arduino\ArduinoCore\Release\libArduinoCore.a(wiring_digital.o)
digitalWrite                                      D:\prog\arduino\ArduinoCore\Release\libArduinoCore.a(wiring_digital.o)
                                                  ./src/main.o
digital_pin_to_bit_mask_PGM                       D:\prog\arduino\ArduinoCore\Release\libArduinoCore.a(wiring_digital.o)
digital_pin_to_port_PGM                           D:\prog\arduino\ArduinoCore\Release\libArduinoCore.a(wiring_digital.o)
digital_pin_to_timer_PGM                          D:\prog\arduino\ArduinoCore\Release\libArduinoCore.a(wiring_digital.o)
exit                                              c:/arduino/arduino-1.0.5/hardware/tools/avr/bin/../lib/gcc/avr/4.3.2/avr5\libgcc.a(_exit.o)
                                                  c:/arduino/arduino-1.0.5/hardware/tools/avr/bin/../lib/gcc/avr/4.3.2/../../../../avr/lib/avr5/crtm328p.o
init                                              D:\prog\arduino\ArduinoCore\Release\libArduinoCore.a(wiring.o)
                                                  D:\prog\arduino\ArduinoCore\Release\libArduinoCore.a(main.o)
loop                                              ./src/main.o
                                                  D:\prog\arduino\ArduinoCore\Release\libArduinoCore.a(main.o)
main                                              D:\prog\arduino\ArduinoCore\Release\libArduinoCore.a(main.o)
                                                  c:/arduino/arduino-1.0.5/hardware/tools/avr/bin/../lib/gcc/avr/4.3.2/../../../../avr/lib/avr5/crtm328p.o
micros                                            D:\prog\arduino\ArduinoCore\Release\libArduinoCore.a(wiring.o)
millis                                            D:\prog\arduino\ArduinoCore\Release\libArduinoCore.a(wiring.o)
pinMode                                           D:\prog\arduino\ArduinoCore\Release\libArduinoCore.a(wiring_digital.o)
                                                  ./src/main.o
port_to_input_PGM                                 D:\prog\arduino\ArduinoCore\Release\libArduinoCore.a(wiring_digital.o)
port_to_mode_PGM                                  D:\prog\arduino\ArduinoCore\Release\libArduinoCore.a(wiring_digital.o)
port_to_output_PGM                                D:\prog\arduino\ArduinoCore\Release\libArduinoCore.a(wiring_digital.o)
serialEventRun()                                  D:\prog\arduino\ArduinoCore\Release\libArduinoCore.a(main.o)
setup                                             ./src/main.o
                                                  D:\prog\arduino\ArduinoCore\Release\libArduinoCore.a(main.o)
timer0_millis                                     D:\prog\arduino\ArduinoCore\Release\libArduinoCore.a(wiring.o)
timer0_overflow_count                             D:\prog\arduino\ArduinoCore\Release\libArduinoCore.a(wiring.o)
